// Vitest Snapshot v1, https://vitest.dev/guide/snapshot.html

exports[`homepage i18n snapshot > snapshot of DE homepage strings 1`] = `
{
  "common.getStarted": "Loslegen",
  "home.audience.title": "Für wen ist AquaMR Flow?",
  "home.enBref.title": "Auf einen Blick",
  "home.faq.title": "Häufig gestellte Fragen",
  "home.footerNav.features": "Funktionen",
  "home.footerNav.security": "Sicherheit & Datenschutz",
  "home.hero.betaBadge": "Doktorales Forschungsprogramm · L1-Validierung am zertifizierten 3T MRT",
  "home.hero.ctaPrimary": "L1-Forschungsprotokoll lesen",
  "home.hero.ctaSecondary": "Klinischen Standort und Architektur ansehen",
  "home.hero.perkBetaAccess": "Réseau de l'Arc · Nephrologie + Dialyse vor Ort",
  "home.hero.perkGdpr": "DSGVO / nDSG — pseudonymisierte Forschungsdaten",
  "home.hero.perkNoCard": "Validierung am zertifizierten 3T MRT — Spital Moutier",
  "home.hero.subtitle": "Wiederaufbau der angiographischen Funktion in 4-Null: 0 mSv · 0 injiziertes Kontrastmittel · 0 Helium · genügsame Hardware · recycelte/biobasierte Materialien. Die L1-Validierung läuft auf dem zertifizierten Philips Ingenia 3T MRT am Spital Moutier (Réseau de l'Arc, Schweiz).",
  "home.hero.title1": "VASCU-LINK · Vessel Pathway Compass",
  "home.hero.title2": "Klinische Entscheidungsunterstützungs-Plattform für Gefäßmedizin — Doktorforschung",
  "home.howItWorks.title": "So funktioniert es",
  "home.misc.scrollTop": "Zurück nach oben",
  "home.nav.mainAria": "Hauptnavigation",
  "home.nav.simpleAria": "Navigation",
  "home.useCases.title": "Anwendungsfälle",
  "home.vasculink.title": "Wissenschaftliche Architektur VASCU-LINK",
  "landing.footer.legal": "Rechtliches",
  "landing.footer.product": "Produkt",
  "landing.nav.explore": "Funktionen",
  "landing.nav.pricing": "Preise",
  "landing.nav.signIn": "Anmelden",
}
`;

exports[`homepage i18n snapshot > snapshot of EN homepage strings 1`] = `
{
  "common.getStarted": "Get Started",
  "home.audience.title": "Who is AquaMR Flow for?",
  "home.enBref.title": "At a glance",
  "home.faq.title": "Frequently asked questions",
  "home.footerNav.features": "Features",
  "home.footerNav.security": "Security & privacy",
  "home.hero.betaBadge": "Doctoral research programme · L1 clinical validation on certified 3T MRI",
  "home.hero.ctaPrimary": "Read the L1 research protocol",
  "home.hero.ctaSecondary": "See the clinical site & architecture",
  "home.hero.perkBetaAccess": "Réseau de l'Arc · nephrology + dialysis on-site",
  "home.hero.perkGdpr": "GDPR / nFADP — pseudonymised research data",
  "home.hero.perkNoCard": "Validation on certified 3T MRI — Hôpital de Moutier",
  "home.hero.subtitle": "Rebuilding angiographic function in 4-zero: 0 mSv · 0 injected contrast · 0 helium · sober hardware · recycled/biosourced materials. Doctoral L1 validation runs on the certified Philips Ingenia 3T MRI at Hôpital de Moutier (Réseau de l'Arc, Switzerland).",
  "home.hero.title1": "VASCU-LINK · Vessel Pathway Compass",
  "home.hero.title2": "Clinical decision support platform for vascular care — doctoral research",
  "home.howItWorks.title": "How it works",
  "home.misc.scrollTop": "Scroll back to top",
  "home.nav.mainAria": "Main navigation",
  "home.nav.simpleAria": "Navigation",
  "home.useCases.title": "Use cases",
  "home.vasculink.title": "VASCU-LINK scientific architecture",
  "landing.footer.legal": "Legal",
  "landing.footer.product": "Product",
  "landing.nav.explore": "Features",
  "landing.nav.pricing": "Pricing",
  "landing.nav.signIn": "Sign In",
}
`;

exports[`homepage i18n snapshot > snapshot of FR homepage strings 1`] = `
{
  "common.getStarted": "Commencer",
  "home.audience.title": "À qui s'adresse AquaMR Flow ?",
  "home.enBref.title": "En bref",
  "home.faq.title": "Questions fréquentes",
  "home.footerNav.features": "Fonctionnalités",
  "home.footerNav.security": "Sécurité et confidentialité",
  "home.hero.betaBadge": "Programme de recherche doctoral · Validation L1 sur IRM 3T certifiée",
  "home.hero.ctaPrimary": "Lire le protocole de recherche L1",
  "home.hero.ctaSecondary": "Voir le site clinique et l'architecture",
  "home.hero.perkBetaAccess": "Réseau de l'Arc · néphrologie + dialyse sur site",
  "home.hero.perkGdpr": "RGPD / nLPD — données de recherche pseudonymisées",
  "home.hero.perkNoCard": "Validation sur IRM 3T certifiée — Hôpital de Moutier",
  "home.hero.subtitle": "Reconstruire la fonction angiographique en 4-zéro : 0 mSv · 0 contraste injecté · 0 hélium · matériel sobre · matériaux recyclés/biosourcés. La validation doctorale L1 se déroule sur IRM 3T Philips Ingenia certifiée à l'Hôpital de Moutier (Réseau de l'Arc, Suisse).",
  "home.hero.title1": "VASCU-LINK · Vessel Pathway Compass",
  "home.hero.title2": "Plateforme de support à la décision clinique vasculaire — recherche doctorale",
  "home.howItWorks.title": "Comment ça marche ?",
  "home.misc.scrollTop": "Revenir en haut de la page",
  "home.nav.mainAria": "Navigation principale",
  "home.nav.simpleAria": "Navigation",
  "home.useCases.title": "Cas d'usage",
  "home.vasculink.title": "Architecture scientifique VASCU-LINK",
  "landing.footer.legal": "Juridique",
  "landing.footer.product": "Produit",
  "landing.nav.explore": "Fonctionnalités",
  "landing.nav.pricing": "Tarifs",
  "landing.nav.signIn": "Se connecter",
}
`;
