// Vitest Snapshot v1, https://vitest.dev/guide/snapshot.html

exports[`homepage i18n snapshot > snapshot of DE homepage strings 1`] = `
{
  "common.getStarted": "Get Started",
  "home.audience.title": "Who is AquaMR Flow for?",
  "home.enBref.title": "At a glance",
  "home.faq.title": "Frequently asked questions",
  "home.footerNav.features": "Features",
  "home.footerNav.security": "Security & privacy",
  "home.hero.betaBadge": "Open beta — full access free of charge",
  "home.hero.ctaPrimary": "Create a free account",
  "home.hero.ctaSecondary": "See how it works",
  "home.hero.perkBetaAccess": "Full access during the beta",
  "home.hero.perkGdpr": "Pseudonymized data, GDPR",
  "home.hero.perkNoCard": "No credit card required",
  "home.hero.subtitle": "Complete platform: 10 clinical modules, locked L1 protocol, 3 languages, targeted MDR/GDPR compliance and green radiology. Planning, multimodal imaging, CI-AKI, digital twin, simulation and registry — in a single cockpit.",
  "home.hero.title1": "VASCU-LINK",
  "home.hero.title2": "Reconstructing angiographic function in 4-zero",
  "home.howItWorks.title": "How it works",
  "home.misc.scrollTop": "Scroll back to top",
  "home.nav.mainAria": "Main navigation",
  "home.nav.simpleAria": "Navigation",
  "home.useCases.title": "Use cases",
  "home.vasculink.title": "VASCU-LINK scientific architecture",
  "landing.footer.legal": "Legal",
  "landing.footer.product": "Product",
  "landing.nav.explore": "Features",
  "landing.nav.pricing": "Pricing",
  "landing.nav.signIn": "Sign In",
}
`;

exports[`homepage i18n snapshot > snapshot of EN homepage strings 1`] = `
{
  "common.getStarted": "Get Started",
  "home.audience.title": "Who is AquaMR Flow for?",
  "home.enBref.title": "At a glance",
  "home.faq.title": "Frequently asked questions",
  "home.footerNav.features": "Features",
  "home.footerNav.security": "Security & privacy",
  "home.hero.betaBadge": "Open beta — full access free of charge",
  "home.hero.ctaPrimary": "Create a free account",
  "home.hero.ctaSecondary": "See how it works",
  "home.hero.perkBetaAccess": "Full access during the beta",
  "home.hero.perkGdpr": "Pseudonymized data, GDPR",
  "home.hero.perkNoCard": "No credit card required",
  "home.hero.subtitle": "Complete platform: 10 clinical modules, locked L1 protocol, 3 languages, targeted MDR/GDPR compliance and green radiology. Planning, multimodal imaging, CI-AKI, digital twin, simulation and registry — in a single cockpit.",
  "home.hero.title1": "VASCU-LINK",
  "home.hero.title2": "Reconstructing angiographic function in 4-zero",
  "home.howItWorks.title": "How it works",
  "home.misc.scrollTop": "Scroll back to top",
  "home.nav.mainAria": "Main navigation",
  "home.nav.simpleAria": "Navigation",
  "home.useCases.title": "Use cases",
  "home.vasculink.title": "VASCU-LINK scientific architecture",
  "landing.footer.legal": "Legal",
  "landing.footer.product": "Product",
  "landing.nav.explore": "Features",
  "landing.nav.pricing": "Pricing",
  "landing.nav.signIn": "Sign In",
}
`;

exports[`homepage i18n snapshot > snapshot of FR homepage strings 1`] = `
{
  "common.getStarted": "Get Started",
  "home.audience.title": "Who is AquaMR Flow for?",
  "home.enBref.title": "At a glance",
  "home.faq.title": "Frequently asked questions",
  "home.footerNav.features": "Features",
  "home.footerNav.security": "Security & privacy",
  "home.hero.betaBadge": "Open beta — full access free of charge",
  "home.hero.ctaPrimary": "Create a free account",
  "home.hero.ctaSecondary": "See how it works",
  "home.hero.perkBetaAccess": "Full access during the beta",
  "home.hero.perkGdpr": "Pseudonymized data, GDPR",
  "home.hero.perkNoCard": "No credit card required",
  "home.hero.subtitle": "Complete platform: 10 clinical modules, locked L1 protocol, 3 languages, targeted MDR/GDPR compliance and green radiology. Planning, multimodal imaging, CI-AKI, digital twin, simulation and registry — in a single cockpit.",
  "home.hero.title1": "VASCU-LINK",
  "home.hero.title2": "Reconstructing angiographic function in 4-zero",
  "home.howItWorks.title": "How it works",
  "home.misc.scrollTop": "Scroll back to top",
  "home.nav.mainAria": "Main navigation",
  "home.nav.simpleAria": "Navigation",
  "home.useCases.title": "Use cases",
  "home.vasculink.title": "VASCU-LINK scientific architecture",
  "landing.footer.legal": "Legal",
  "landing.footer.product": "Product",
  "landing.nav.explore": "Features",
  "landing.nav.pricing": "Pricing",
  "landing.nav.signIn": "Sign In",
}
`;
